[2026-08-17 08:25:44] TO: sampl4@csucc.edu.ph | SUBJECT: Your ArgiConnect verification code

        
            ArgiConnect
            Hello! Use the code below to verify your login:
            718270
            This code expires in 5 minutes. If you did not request it, you can safely ignore this email.
        
------------------------------------------------------------
[2026-08-17 08:27:28] TO: sampl4@csucc.edu.ph | SUBJECT: Your ArgiConnect verification code

        
            ArgiConnect
            Hello! Use the code below to verify your login:
            562311
            This code expires in 5 minutes. If you did not request it, you can safely ignore this email.
        
------------------------------------------------------------
[2026-08-17 08:30:40] TO: jerwil.umpad4456@gmail.com | SUBJECT: Your ArgiConnect verification code

        
            ArgiConnect
            Hello! Use the code below to complete your registration:
            470039
            This code expires in 5 minutes. If you did not request it, you can safely ignore this email.
        
------------------------------------------------------------
[2026-08-17 10:30:16] TO: jerwil.umpad@csucc.edu.ph | SUBJECT: Your ArgiConnect verification code

        
            ArgiConnect
            Hello! Use the code below to complete your registration:
            738144
            This code expires in 5 minutes. If you did not request it, you can safely ignore this email.
        
------------------------------------------------------------
[2026-08-17 10:32:55] TO: sampl4@csucc.edu.ph | SUBJECT: Your ArgiConnect verification code

        
            ArgiConnect
            Hello! Use the code below to verify your login:
            452635
            This code expires in 5 minutes. If you did not request it, you can safely ignore this email.
        
------------------------------------------------------------
[2026-08-17 10:35:00] TO: sampl4@csucc.edu.ph | SUBJECT: Your ArgiConnect verification code

        
            ArgiConnect
            Hello! Use the code below to verify your login:
            957053
            This code expires in 5 minutes. If you did not request it, you can safely ignore this email.
        
------------------------------------------------------------
[2026-08-17 10:37:45] TO: sampl4@csucc.edu.ph | SUBJECT: Your ArgiConnect verification code

        
            ArgiConnect
            Hello! Use the code below to verify your login:
            615331
            This code expires in 5 minutes. If you did not request it, you can safely ignore this email.
        
------------------------------------------------------------
